// Jest Snapshot v1, https://goo.gl/fbAQLP

exports[`Title default props should match the snapshot 1`] = `
<div>
  <div
    class=""
  >
    Lorem Ipsum
  </div>
</div>
`;
