// Jest Snapshot v1, https://goo.gl/fbAQLP

exports[`Label default props should match the snapshot 1`] = `
.c0 {
  font-size: 0.7501875468867217em;
  line-height: 1.776889em;
  color: #0d5189;
  background-color: rgba(13,81,137,0.05);
  border-radius: 1em;
  padding: 0.25em 1em;
  font-weight: 400;
  box-shadow: 0 1px 6px rgba(13,81,137,0.01);
  text-transform: uppercase;
}

<div>
  <div
    class="c0"
  >
    Lorem imsum
  </div>
</div>
`;
