// Jest Snapshot v1, https://goo.gl/fbAQLP

exports[`Home default props should match the snapshot 1`] = `
.c1 {
  width: 100vw;
}

.c2 {
  position: absolute;
  font-size: 0.7501875468867217em;
  padding-top: 5.610232974924883em;
  padding-bottom: 5.610232974924883em;
  width: 100vw;
}

.c5 {
  color: rgba(38,40,48,0.45);
}

.c3 {
  display: -webkit-box;
  display: -webkit-flex;
  display: -ms-flexbox;
  display: flex;
  -webkit-align-items: center;
  -webkit-box-align: center;
  -ms-flex-align: center;
  align-items: center;
  -webkit-box-pack: center;
  -webkit-justify-content: center;
  -ms-flex-pack: center;
  justify-content: center;
  margin-bottom: 0;
}

.c4 {
  width: 100vw;
  max-width: 800px;
  padding-left: 0.9375rem;
  padding-right: 0.9375rem;
  margin-top: 0;
  margin-bottom: 0;
}

.c0 {
  position: absolute;
}

<div>
  <div
    class="c0"
  >
    <div
      class="c1"
    >
      <p>
        Home
      </p>
      <footer
        class="c2"
      >
        <div
          class="c3"
        >
          <div
            class="c4"
          >
            <div
              class="c5"
            >
              Copyright Â© 
              2019
               Manu Cammaert, alle rechten voorbehouden.
            </div>
          </div>
        </div>
      </footer>
    </div>
  </div>
</div>
`;
