// Jest Snapshot v1, https://goo.gl/fbAQLP

exports[`ThemeSwitcher default props should match the snapshot 1`] = `
.c3 {
  -webkit-text-decoration: none;
  text-decoration: none;
  font-size: 1em;
  font-weight: 400;
  padding: 0.5627813555039173em 0.7501875468867217em;
  color: #F6F7F9;
  background: #0d5189;
  cursor: pointer;
  border: none;
  border-radius: 6px;
  box-shadow: 0 1px 18px rgba(30,32,37,0.08);
  opacity: 0.8;
  -webkit-transition: all 200ms;
  transition: all 200ms;
  -webkit-appearance: initial;
  padding: 1em;
  font-size: 1em;
  color: #262830;
  background: #FCFCFC;
}

.c3:hover:enabled {
  opacity: 1;
  cursor: pointer;
  box-shadow: 0 1px 18px rgba(30,32,37,0.25);
}

.c3:active {
  color: #0d5189;
  background: #F6F7F9;
}

.c3:disabled {
  opacity: 0.75;
  cursor: default;
  color: #F6F7F9;
  background: #0d5189;
}

.c3:active {
  color: #F6F7F9;
  background: #0d5189;
}

.c3:disabled {
  color: #F6F7F9;
  background: #0d5189;
}

.c0 {
  margin-top: 2.3685930369999997em;
}

.c1 {
  font-size: 1em;
  font-weight: 400;
  line-height: 1.333em;
  color: #262830;
}

.c2 {
  display: -webkit-box;
  display: -webkit-flex;
  display: -ms-flexbox;
  display: flex;
}

.c4 {
  margin-right: 1em;
  -webkit-box-flex: 1;
  -webkit-flex-grow: 1;
  -ms-flex-positive: 1;
  flex-grow: 1;
}

.c4:last-of-type {
  margin-right: 0;
}

<div>
  <div
    class="c0"
  >
    <p
      class="c1"
    >
      Weergave
    </p>
    <div
      class="c2"
    >
      <button
        class="c3 c4"
      >
        Licht
      </button>
      <button
        class="c3 c4"
      >
        Donker
      </button>
      <button
        class="c3 c4"
      >
        Automatisch
      </button>
    </div>
  </div>
</div>
`;
