// Jest Snapshot v1, https://goo.gl/fbAQLP

exports[`Job default props should match the snapshot 1`] = `
.c0 {
  display: -webkit-box;
  display: -webkit-flex;
  display: -ms-flexbox;
  display: flex;
  -webkit-align-items: center;
  -webkit-box-align: center;
  -ms-flex-align: center;
  align-items: center;
  -webkit-box-pack: center;
  -webkit-justify-content: center;
  -ms-flex-pack: center;
  justify-content: center;
}

.c1 {
  width: 100vw;
  max-width: 800px;
  padding-left: 0.9375rem;
  padding-right: 0.9375rem;
}

.c6 {
  position: absolute;
  left: -10000px;
  top: auto;
  width: 1px;
  height: 1px;
  overflow: hidden;
}

.c7 {
  font-size: 1em;
  font-weight: 400;
  line-height: 1.776889em;
  color: #262830;
}

.c2 {
  margin-bottom: 3.157334518321em;
  position: relative;
}

.c2:before {
  content: '';
  position: absolute;
  width: 0.9375rem;
  height: 4px;
  top: -0.5627813555039173em;
  left: -0.9375rem;
  background-color: #d35239;
}

.c3 {
  margin-bottom: 1em;
}

.c4 {
  font-size: 2.3685930369999997em;
  line-height: 1.333em;
  font-weight: 200;
  color: #262830;
  margin: 0;
  margin-bottom: 0.42219156451906775em;
}

.c5 {
  font-size: 1em;
  font-weight: 400;
  color: #262830;
  margin-bottom: 1.776889em;
  display: block;
}

.c8 {
  white-space: pre-line;
  margin-bottom: 1.776889em;
}

<div>
  <div
    class="c0"
  >
    <div
      class="c1"
    >
      <div
        class="c2"
      >
        <div
          class="c3"
        >
          <h3
            class="c4"
          >
            Lorem ipsum
          </h3>
        </div>
        <span
          class="c5"
        >
          <span
            class=""
          >
            Van 18 oktober 2019
          </span>
          <span
            class=""
          >
             tot 20 oktober 2019
          </span>
        </span>
        <div
          class="c6"
        >
          <h4>
            Omschrijving
          </h4>
        </div>
        <div
          class="c7 c8"
        >
          Lorem ipsum dolor sit amet
        </div>
      </div>
    </div>
  </div>
</div>
`;
