// Jest Snapshot v1, https://goo.gl/fbAQLP

exports[`Progress default props should match the snapshot 1`] = `
.c0 {
  background-color: rgba(13,81,137,0.1);
  border-radius: 3em;
}

.c1 {
  background-color: #0d5189;
  border-radius: 3em;
  width: 60%;
  height: 1em;
}

<div>
  <div
    class="c0"
  >
    <div
      class="c1"
    />
  </div>
</div>
`;
