// Jest Snapshot v1, https://goo.gl/fbAQLP

exports[`Footer default props should match the snapshot 1`] = `
.c1 {
  display: -webkit-box;
  display: -webkit-flex;
  display: -ms-flexbox;
  display: flex;
  -webkit-align-items: center;
  -webkit-box-align: center;
  -ms-flex-align: center;
  align-items: center;
  -webkit-box-pack: center;
  -webkit-justify-content: center;
  -ms-flex-pack: center;
  justify-content: center;
}

.c2 {
  width: 100vw;
  max-width: 800px;
  padding-left: 0.9375rem;
  padding-right: 0.9375rem;
}

.c0 {
  position: absolute;
  font-size: 0.7501875468867217em;
  color: #5e6377;
  padding-top: 5.610232974924883em;
  padding-bottom: 5.610232974924883em;
  width: 100vw;
}

<div>
  <footer
    class="c0"
  >
    <div
      class="c1"
    >
      <div
        class="c2"
      >
        <div
          class=""
        >
          Copyright Â© 
          2019
           Manu Cammaert, alle rechten voorbehouden.
        </div>
      </div>
    </div>
  </footer>
</div>
`;
