// Jest Snapshot v1, https://goo.gl/fbAQLP

exports[`Default default props should match the snapshot 1`] = `
.c1 {
  position: absolute;
  padding-top: 3.1573345183209995em;
  padding-bottom: 3.1573345183209995em;
  width: 100vw;
}

.c4 {
  color: rgba(38,40,48,0.6);
  font-size: 0.8060785933275142em;
  line-height: 1.776889em;
}

.c2 {
  display: -webkit-box;
  display: -webkit-flex;
  display: -ms-flexbox;
  display: flex;
  -webkit-align-items: center;
  -webkit-box-align: center;
  -ms-flex-align: center;
  align-items: center;
  -webkit-box-pack: center;
  -webkit-justify-content: center;
  -ms-flex-pack: center;
  justify-content: center;
  margin-bottom: 0;
}

.c3 {
  width: 100vw;
  max-width: 800px;
  padding-left: 0.9375rem;
  padding-right: 0.9375rem;
  margin-top: 0;
  margin-bottom: 0;
}

.c0 {
  width: 100vw;
}

<div>
  <div
    class="c0"
  >
    <footer
      class="c1"
    >
      <div
        class="c2"
      >
        <div
          class="c3"
        >
          <div
            class="c4"
          >
            Copyright Â© 
            2019
             Manu Cammaert, alle rechten voorbehouden.
          </div>
        </div>
      </div>
    </footer>
  </div>
</div>
`;
