// Jest Snapshot v1, https://goo.gl/fbAQLP

exports[`Loading default props should match the snapshot 1`] = `
.c0 {
  position: absolute;
}

<div>
  <div
    class="c0"
  >
    <p>
      Laden...
    </p>
  </div>
</div>
`;
