// Jest Snapshot v1, https://goo.gl/fbAQLP

exports[`Copy default props should match the snapshot 1`] = `
.c0 {
  font-size: 1em;
  font-weight: 200;
  line-height: 1.776889em;
  color: #262830;
  margin-bottom: 0;
}

<div>
  <div
    class="c0"
    font-weight="200"
  >
    Lorem ipsum
  </div>
</div>
`;
