// Jest Snapshot v1, https://goo.gl/fbAQLP

exports[`Navigation default props should match the snapshot 1`] = `
.c3 {
  position: absolute;
  left: -10000px;
  top: auto;
  width: 1px;
  height: 1px;
  overflow: hidden;
}

.c5 {
  display: -webkit-box;
  display: -webkit-flex;
  display: -ms-flexbox;
  display: flex;
  -webkit-align-items: center;
  -webkit-box-align: center;
  -ms-flex-align: center;
  align-items: center;
  -webkit-box-pack: center;
  -webkit-justify-content: center;
  -ms-flex-pack: center;
  justify-content: center;
  margin-bottom: 0;
}

.c6 {
  width: 100vw;
  max-width: 800px;
  padding-left: 0.9375rem;
  padding-right: 0.9375rem;
  margin-top: 0;
  margin-bottom: 0;
}

.c1 {
  -webkit-transform: rotate(0deg);
  -ms-transform: rotate(0deg);
  transform: rotate(0deg);
}

.c2 {
  stroke: #262830;
  stroke-width: 2;
}

.c4 {
  background-color: rgba(244,245,247,0.85);
  position: fixed;
  z-index: 999;
  -webkit-transition: backdrop-filter 100ms;
  transition: backdrop-filter 100ms;
  -webkit-backdrop-filter: blur(2px);
  backdrop-filter: blur(2px);
}

.c0 {
  position: fixed;
  -webkit-transform: translateZ(0);
  left: 0.9375rem;
  top: 0.9375rem;
  width: 44px;
  height: 44px;
  z-index: 1000;
  border: none;
  background: #FCFCFC;
  display: -webkit-box;
  display: -webkit-flex;
  display: -ms-flexbox;
  display: flex;
  -webkit-align-items: center;
  -webkit-box-align: center;
  -ms-flex-align: center;
  align-items: center;
  -webkit-box-pack: center;
  -webkit-justify-content: center;
  -ms-flex-pack: center;
  justify-content: center;
  padding: 0;
  cursor: pointer;
  -webkit-transition: all 400ms;
  transition: all 400ms;
}

.c0:hover,
.c0:focus {
  background: rgba(38,40,48,0.035);
}

.c7 {
  list-style: none;
  padding: 1em;
  padding-top: 5.610232974924882em;
}

<div>
  <div
    class=""
  >
    <div
      data-focus-guard="true"
      style="width: 1px; height: 0px; padding: 0px; overflow: hidden; position: fixed; top: 1px; left: 1px;"
      tabindex="-1"
    />
    <div
      data-focus-guard="true"
      style="width: 1px; height: 0px; padding: 0px; overflow: hidden; position: fixed; top: 1px; left: 1px;"
      tabindex="-1"
    />
    <div
      data-focus-lock-disabled="disabled"
    >
      <button
        class="c0"
      >
        <svg
          class="c1 "
          height="20"
          width="20"
        >
          <line
            class="c2"
            x1="1"
            x2="19"
            y1="1"
            y2="1"
          />
          <line
            class="c2"
            x1="0.5"
            x2="14"
            y1="10"
            y2="10"
          />
          <line
            class="c2"
            x1="1"
            x2="19"
            y1="19"
            y2="19"
          />
        </svg>
        <div
          class="c3"
        >
          Toon het menu
        </div>
      </button>
      <div
        aria-modal="false"
        class="c4"
        role=""
        style="opacity: 0; top: 0px; right: 0px; bottom: 768px; left: 0px;"
      >
        <div
          class="c5"
        >
          <div
            class="c6"
          >
            <ul
              class="c7"
            />
          </div>
        </div>
      </div>
    </div>
    <div
      data-focus-guard="true"
      style="width: 1px; height: 0px; padding: 0px; overflow: hidden; position: fixed; top: 1px; left: 1px;"
      tabindex="-1"
    />
  </div>
</div>
`;
