// Jest Snapshot v1, https://goo.gl/fbAQLP

exports[`MenuIcon default props should match the snapshot 1`] = `
.c0 {
  -webkit-transform: rotate(0deg);
  -ms-transform: rotate(0deg);
  transform: rotate(0deg);
}

.c1 {
  stroke: #262830;
  stroke-width: 2;
}

<div>
  <svg
    class="c0"
    height="20"
    width="20"
  >
    <line
      class="c1"
      x1="1"
      x2="19"
      y1="1"
      y2="1"
    />
    <line
      class="c1"
      x1="0.5"
      x2="14"
      y1="10"
      y2="10"
    />
    <line
      class="c1"
      x1="1"
      x2="19"
      y1="19"
      y2="19"
    />
  </svg>
</div>
`;
