// Jest Snapshot v1, https://goo.gl/fbAQLP

exports[`Error default props should match the snapshot 1`] = `
.c0 {
  display: -webkit-box;
  display: -webkit-flex;
  display: -ms-flexbox;
  display: flex;
  -webkit-box-pack: center;
  -webkit-justify-content: center;
  -ms-flex-pack: center;
  justify-content: center;
  padding-left: 0.9375rem;
  padding-right: 0.9375rem;
}

.c1 {
  font-size: 1.333em;
  margin-bottom: 1em;
}

.c2 {
  font-size: 1em;
}

<div>
  <div
    class="c0"
  >
    <div
      class=""
    >
      <p
        class="c1"
      >
        Fout
      </p>
      <p
        class="c2"
      >
        Er is een fout opgetreden
      </p>
    </div>
  </div>
</div>
`;
