// Jest Snapshot v1, https://goo.gl/fbAQLP

exports[`Header default props should match the snapshot 1`] = `
.c1 {
  display: -webkit-box;
  display: -webkit-flex;
  display: -ms-flexbox;
  display: flex;
  -webkit-align-items: center;
  -webkit-box-align: center;
  -ms-flex-align: center;
  align-items: center;
  -webkit-box-pack: center;
  -webkit-justify-content: center;
  -ms-flex-pack: center;
  justify-content: center;
  margin-bottom: 0;
}

.c2 {
  width: 100vw;
  max-width: 800px;
  padding-left: 0.9375rem;
  padding-right: 0.9375rem;
  margin-top: 0;
  margin-bottom: 0;
}

.c5 {
  -webkit-transform: rotate(0deg);
  -ms-transform: rotate(0deg);
  transform: rotate(0deg);
}

.c6 {
  stroke: #262830;
  stroke-width: 2;
}

.c4 {
  position: fixed;
  -webkit-transform: translateZ(0);
  left: 0.9375rem;
  top: 0.9375rem;
  width: 44px;
  height: 44px;
  z-index: 1000;
  border: none;
  background-color: white;
  display: -webkit-box;
  display: -webkit-flex;
  display: -ms-flexbox;
  display: flex;
  -webkit-align-items: center;
  -webkit-box-align: center;
  -ms-flex-align: center;
  align-items: center;
  -webkit-box-pack: center;
  -webkit-justify-content: center;
  -ms-flex-pack: center;
  justify-content: center;
  padding: 0;
}

.c7 {
  position: absolute;
  left: -10000px;
  top: auto;
  width: 1px;
  height: 1px;
  overflow: hidden;
}

.c3 {
  font-size: 2.3685930369999997em;
  line-height: 1.333em;
  font-weight: 200;
  color: #262830;
  margin: 0;
  margin-bottom: 0.42219156451906775em;
}

.c0 {
  margin-top: 5.610232974924883em;
  margin-bottom: 1.776889em;
}

<div>
  <div
    class="c0"
  >
    <div
      class="c1"
    >
      <div
        class="c2"
      >
        <h1
          class="c3 "
          size="3"
        >
          Manu Cammaert
        </h1>
      </div>
    </div>
  </div>
  <div
    class=""
  >
    <button
      class="c4"
    >
      <svg
        class="c5 "
        height="20"
        width="20"
      >
        <line
          class="c6"
          x1="1"
          x2="19"
          y1="1"
          y2="1"
        />
        <line
          class="c6"
          x1="0.5"
          x2="14"
          y1="10"
          y2="10"
        />
        <line
          class="c6"
          x1="1"
          x2="19"
          y1="19"
          y2="19"
        />
      </svg>
      <div
        class="c7"
      >
        Toon navigatie
      </div>
    </button>
  </div>
</div>
`;
