// Jest Snapshot v1, https://goo.gl/fbAQLP

exports[`Contact default props should match the snapshot 1`] = `
.c1 {
  position: absolute;
}

.c0 {
  position: absolute;
}

<div>
  <div
    class="c0"
  >
    <div
      class=""
    >
      <p>
        Contact
      </p>
      <div
        class="c1"
      >
        Footer
      </div>
    </div>
  </div>
</div>
`;
