// Jest Snapshot v1, https://goo.gl/fbAQLP

exports[`Container default props should match the snapshot 1`] = `
.c0 {
  display: -webkit-box;
  display: -webkit-flex;
  display: -ms-flexbox;
  display: flex;
  -webkit-align-items: center;
  -webkit-box-align: center;
  -ms-flex-align: center;
  align-items: center;
  -webkit-box-pack: center;
  -webkit-justify-content: center;
  -ms-flex-pack: center;
  justify-content: center;
  margin-bottom: 0;
}

.c1 {
  width: 100vw;
  max-width: 800px;
  padding-left: 0.9375rem;
  padding-right: 0.9375rem;
  margin-top: 0;
  margin-bottom: 0;
}

<div>
  <div
    class="c0"
  >
    <div
      class="c1"
    />
  </div>
</div>
`;
